// Jest Snapshot v1, https://goo.gl/fbAQLP

exports[`Pruebas de GitItems debe de hacer match con el snapshot 1`] = `
<div>
  <div
    class="card"
  >
    <img
      alt="Saitama"
      src="http://imagen.com/image.jpg"
    />
    <p>
      Saitama
    </p>
  </div>
</div>
`;
